
==============================================
📧 MOCK VERIFICATION EMAIL to: tarakkomera9160@gmail.com
Date: 5/2/2026, 5:08:22 PM
Subject: Verify Your Account Registration
Body:
Hello,
Thank you for registering. To activate your account, please enter the following 6-digit verification code:

    ➡️  883833  ⬅️

This code will expire shortly.
==============================================


==============================================
📧 MOCK VERIFICATION EMAIL to: ghaa@gmail.com
Date: 5/2/2026, 5:09:40 PM
Subject: Verify Your Account Registration
Body:
Hello,
Thank you for registering. To activate your account, please enter the following 6-digit verification code:

    ➡️  966861  ⬅️

This code will expire shortly.
==============================================


==============================================
📧 MOCK VERIFICATION EMAIL to: hlo2@gmail.com
Date: 5/2/2026, 8:06:12 PM
Subject: Verify Your Account Registration
Body:
Hello,
Thank you for registering. To activate your account, please enter the following 6-digit verification code:

    ➡️  496497  ⬅️

This code will expire shortly.
==============================================


==============================================
📧 MOCK VERIFICATION EMAIL to: hlo3@gmail.com
Date: 5/2/2026, 8:09:48 PM
Subject: Verify Your Account Registration
Body:
Hello,
Thank you for registering. To activate your account, please enter the following 6-digit verification code:

    ➡️  336419  ⬅️

This code will expire shortly.
==============================================


==============================================
📧 MOCK VERIFICATION EMAIL to: hlo2@gmail.com
Date: 5/2/2026, 8:13:39 PM
Subject: Verify Your Account Registration
Body:
Hello,
Thank you for registering. To activate your account, please enter the following 6-digit verification code:

    ➡️  793459  ⬅️

This code will expire shortly.
==============================================


==============================================
📧 MOCK VERIFICATION EMAIL to: kottemanoj9@email.com
Date: 5/4/2026, 10:39:44 AM
Subject: Verify Your Account Registration
Body:
Hello,
Thank you for registering. To activate your account, please enter the following 6-digit verification code:

    ➡️  560579  ⬅️

This code will expire shortly.
==============================================


==============================================
📧 MOCK VERIFICATION EMAIL to: tarakkomera916@gmail.com
Date: 5/5/2026, 9:39:15 PM
Subject: Verify Your Account Registration
Body:
Hello,
Thank you for registering. To activate your account, please enter the following 6-digit verification code:

    ➡️  577603  ⬅️

This code will expire shortly.
==============================================


==============================================
📧 MOCK VERIFICATION EMAIL to: admin@test.com
Date: 5/6/2026, 10:31:47 AM
Subject: Verify Your Account Registration
Body:
Hello,
Thank you for registering. To activate your account, please enter the following 6-digit verification code:

    ➡️  549198  ⬅️

This code will expire shortly.
==============================================


==============================================
📧 MOCK VERIFICATION EMAIL to: testuser123@qubic.com
Date: 5/6/2026, 10:35:30 AM
Subject: Verify Your Account Registration
Body:
Hello,
Thank you for registering. To activate your account, please enter the following 6-digit verification code:

    ➡️  497351  ⬅️

This code will expire shortly.
==============================================


==============================================
📧 MOCK VERIFICATION EMAIL to: tarak@qubic.com
Date: 5/6/2026, 10:36:35 AM
Subject: Verify Your Account Registration
Body:
Hello,
Thank you for registering. To activate your account, please enter the following 6-digit verification code:

    ➡️  851247  ⬅️

This code will expire shortly.
==============================================


==============================================
📧 VERIFICATION OTP (REAL SEND FAILED) to: kottemanoj9@gmail.com
Date: 5/6/2026, 12:31:02 PM
Content: Verification Code: 967657 
Error: Invalid login: 535-5.7.8 Username and Password not accepted. For more information, go to
535 5.7.8  https://support.google.com/mail/?p=BadCredentials 98e67ed59e1d1-365b4cba340sm1625060a91.17 - gsmtp
==============================================

==============================================
📧 VERIFICATION OTP (REAL SEND FAILED) to: kottemanoj9@gmail.com
Date: 5/6/2026, 12:31:34 PM
Content: Verification Code: 412846 
Error: Invalid login: 535-5.7.8 Username and Password not accepted. For more information, go to
535 5.7.8  https://support.google.com/mail/?p=BadCredentials d9443c01a7336-2ba7bf2cff0sm13756135ad.18 - gsmtp
==============================================

==============================================
📧 VERIFICATION OTP (REAL SEND FAILED) to: kottemanoj9@gmail.com
Date: 5/6/2026, 12:32:39 PM
Content: Verification Code: 923842 
Error: Invalid login: 535-5.7.8 Username and Password not accepted. For more information, go to
535 5.7.8  https://support.google.com/mail/?p=BadCredentials 98e67ed59e1d1-365ccacba62sm133609a91.5 - gsmtp
==============================================

==============================================
📧 VERIFICATION OTP to: kottemanoj9@gmail.com
Date: 5/6/2026, 12:39:03 PM
Content: Verification Code: 443274
==============================================

==============================================
📧 VERIFICATION OTP to: nageswararaom0@gmail.com
Date: 5/6/2026, 8:25:19 PM
Content: Verification Code: 544978
==============================================

==============================================
📧 VERIFICATION OTP to: hrtest@gmail.com
Date: 5/6/2026, 11:09:15 PM
Content: Verification Code: 987009
==============================================

==============================================
📧 VERIFICATION OTP to: komerabalu6@gmail.com
Date: 5/10/2026, 10:16:28 PM
Content: Verification Code: 281317
==============================================

==============================================
📧 VERIFICATION OTP to: 2100032280cser@gmail.com
Date: 5/11/2026, 10:32:12 AM
Content: Verification Code: 986277
==============================================
